\BOOKMARK [1][-]{section.1}{\376\377\000T\000h\000e\000\040\000a\000l\000g\000e\000b\000r\000a\000\040\000a\000t\000\040\000a\000\040\000g\000l\000a\000n\000c\000e}{}% 1
\BOOKMARK [1][-]{section.2}{\376\377\000H\000e\000r\000m\000i\000t\000i\000a\000n\000\040\000a\000n\000d\000\040\000s\000i\000g\000m\000a\000-\000c\000o\000n\000j\000u\000g\000a\000t\000e\000\040\000o\000p\000e\000r\000a\000t\000o\000r\000s}{}% 2
\BOOKMARK [1][-]{section.3}{\376\377\000P\000a\000r\000a\000v\000e\000c\000t\000o\000r\000s}{}% 3
\BOOKMARK [2][-]{subsection.3.1}{\376\377\000C\000o\000r\000e\000\040\000o\000p\000e\000r\000a\000t\000i\000o\000n\000s}{section.3}% 4
\BOOKMARK [2][-]{subsection.3.2}{\376\377\000P\000r\000o\000d\000u\000c\000t\000s\000\040\000a\000n\000d\000\040\000q\000u\000a\000d\000r\000a\000t\000i\000c\000\040\000f\000o\000r\000m\000s}{section.3}% 5
\BOOKMARK [2][-]{subsection.3.3}{\376\377\000Q\000u\000a\000d\000r\000a\000t\000i\000c\000\040\000i\000d\000e\000n\000t\000i\000t\000y\000\040\000a\000n\000d\000\040\000e\000i\000g\000e\000n\000v\000a\000l\000u\000e\000s}{section.3}% 6
\BOOKMARK [2][-]{subsection.3.4}{\376\377\000R\000e\000a\000l\000\040\000p\000r\000o\000d\000u\000c\000t\000s}{section.3}% 7
\BOOKMARK [2][-]{subsection.3.5}{\376\377\000C\000o\000m\000p\000l\000e\000x\000\040\000p\000r\000o\000d\000u\000c\000t\000s}{section.3}% 8
\BOOKMARK [2][-]{subsection.3.6}{\376\377\000P\000r\000o\000j\000e\000c\000t\000i\000o\000n\000\040\000o\000p\000e\000r\000a\000t\000o\000r\000s}{section.3}% 9
\BOOKMARK [2][-]{subsection.3.7}{\376\377\000F\000u\000n\000c\000t\000i\000o\000n\000s\000\040\000o\000f\000\040\000p\000a\000r\000a\000v\000e\000c\000t\000o\000r\000s}{section.3}% 10
\BOOKMARK [1][-]{section.4}{\376\377\000T\000r\000a\000n\000s\000f\000o\000r\000m\000a\000t\000i\000o\000n\000s\000\040\000a\000n\000d\000\040\000i\000n\000v\000a\000r\000i\000a\000n\000t\000s}{}% 11
\BOOKMARK [2][-]{subsection.4.1}{\376\377\000S\000i\000m\000i\000l\000a\000r\000i\000t\000y\000,\000\040\000d\000e\000t\000e\000r\000m\000i\000n\000a\000n\000t\000,\000\040\000a\000n\000d\000\040\000n\000o\000r\000m}{section.4}% 12
\BOOKMARK [2][-]{subsection.4.2}{\376\377\000R\000e\000a\000l\000\040\000p\000a\000r\000a\000v\000e\000c\000t\000o\000r\000s\000\040\000a\000n\000d\000\040\000t\000h\000e\000\040\000L\000o\000r\000e\000n\000t\000z\000\040\000m\000e\000t\000r\000i\000c}{section.4}% 13
\BOOKMARK [2][-]{subsection.4.3}{\376\377\000R\000o\000t\000a\000t\000i\000o\000n\000\040\000a\000c\000t\000i\000o\000n\000\040\000a\000n\000d\000\040\000R\000o\000d\000r\000i\000g\000u\000e\000s\000'\000\040\000f\000o\000r\000m\000u\000l\000a}{section.4}% 14
\BOOKMARK [2][-]{subsection.4.4}{\376\377\000B\000o\000o\000s\000t\000\040\000a\000c\000t\000i\000o\000n\000\040\000a\000n\000d\000\040\000i\000t\000s\000\040\000s\000i\000g\000n\000\040\000c\000o\000n\000v\000e\000n\000t\000i\000o\000n}{section.4}% 15
\BOOKMARK [1][-]{section.5}{\376\377\000D\000i\000f\000f\000e\000r\000e\000n\000t\000i\000a\000t\000e\000d\000\040\000f\000i\000e\000l\000d\000s}{}% 16
\BOOKMARK [2][-]{subsection.5.1}{\376\377\000P\000a\000r\000a\000v\000e\000c\000t\000o\000r\000\040\000d\000i\000f\000f\000e\000r\000e\000n\000t\000i\000a\000l\000\040\000o\000p\000e\000r\000a\000t\000o\000r\000s}{section.5}% 17
\BOOKMARK [2][-]{subsection.5.2}{\376\377\000C\000o\000m\000p\000o\000n\000e\000n\000t\000s\000\040\000a\000n\000d\000\040\000t\000h\000e\000\040\000p\000r\000o\000d\000u\000c\000t\000\040\000r\000u\000l\000e}{section.5}% 18
\BOOKMARK [1][-]{section.6}{\376\377\000S\000p\000a\000c\000e\040\023\000t\000i\000m\000e\000\040\000k\000i\000n\000e\000m\000a\000t\000i\000c\000s}{}% 19
\BOOKMARK [2][-]{subsection.6.1}{\376\377\000I\000n\000t\000e\000r\000v\000a\000l\000s\000,\000\040\000v\000e\000l\000o\000c\000i\000t\000y\000,\000\040\000a\000n\000d\000\040\000m\000o\000m\000e\000n\000t\000u\000m}{section.6}% 20
\BOOKMARK [2][-]{subsection.6.2}{\376\377\000P\000r\000o\000p\000e\000r\000\040\000a\000c\000c\000e\000l\000e\000r\000a\000t\000i\000o\000n}{section.6}% 21
\BOOKMARK [2][-]{subsection.6.3}{\376\377\000F\000r\000e\000e\000-\000p\000a\000r\000t\000i\000c\000l\000e\000\040\000a\000c\000t\000i\000o\000n}{section.6}% 22
\BOOKMARK [1][-]{section.7}{\376\377\000E\000l\000e\000c\000t\000r\000o\000m\000a\000g\000n\000e\000t\000i\000s\000m}{}% 23
\BOOKMARK [2][-]{subsection.7.1}{\376\377\000M\000a\000x\000w\000e\000l\000l\000'\000s\000\040\000e\000q\000u\000a\000t\000i\000o\000n\000s\000\040\000a\000n\000d\000\040\000w\000a\000v\000e\000\040\000p\000r\000o\000p\000a\000g\000a\000t\000i\000o\000n}{section.7}% 24
\BOOKMARK [2][-]{subsection.7.2}{\376\377\000P\000o\000t\000e\000n\000t\000i\000a\000l\000s\000\040\000a\000n\000d\000\040\000g\000a\000u\000g\000e\000\040\000f\000r\000e\000e\000d\000o\000m}{section.7}% 25
\BOOKMARK [2][-]{subsection.7.3}{\376\377\000T\000h\000e\000\040\000e\000l\000e\000c\000t\000r\000o\000m\000a\000g\000n\000e\000t\000i\000c\000\040\000f\000i\000e\000l\000d\000\040\000a\000c\000t\000i\000o\000n}{section.7}% 26
\BOOKMARK [2][-]{subsection.7.4}{\376\377\000F\000i\000e\000l\000d\000\040\000i\000n\000v\000a\000r\000i\000a\000n\000t\000s}{section.7}% 27
\BOOKMARK [2][-]{subsection.7.5}{\376\377\000L\000o\000r\000e\000n\000t\000z\000\040\000f\000o\000r\000c\000e\000\040\000f\000r\000o\000m\000\040\000t\000h\000e\000\040\000a\000c\000t\000i\000o\000n}{section.7}% 28
\BOOKMARK [2][-]{subsection.7.6}{\376\377\000A\000c\000c\000e\000l\000e\000r\000a\000t\000i\000o\000n\000\040\000a\000n\000d\000\040\000t\000h\000e\000\040\000m\000a\000s\000s\000\040\000s\000h\000e\000l\000l}{section.7}% 29
\BOOKMARK [2][-]{subsection.7.7}{\376\377\000E\000n\000e\000r\000g\000y\000\040\000a\000n\000d\000\040\000m\000o\000m\000e\000n\000t\000u\000m\000\040\000f\000l\000u\000x}{section.7}% 30
\BOOKMARK [1][-]{section.8}{\376\377\000R\000e\000l\000a\000t\000i\000v\000i\000s\000t\000i\000c\000\040\000w\000a\000v\000e\000\040\000e\000q\000u\000a\000t\000i\000o\000n\000s}{}% 31
\BOOKMARK [2][-]{subsection.8.1}{\376\377\000S\000p\000i\000n\000\040\000a\000n\000d\000\040\000p\000r\000o\000b\000a\000b\000i\000l\000i\000t\000y}{section.8}% 32
\BOOKMARK [2][-]{subsection.8.2}{\376\377\000E\000n\000e\000r\000g\000y\000\040\000a\000n\000d\000\040\000m\000o\000m\000e\000n\000t\000u\000m\000\040\000a\000s\000\040\000d\000i\000f\000f\000e\000r\000e\000n\000t\000i\000a\000l\000\040\000o\000p\000e\000r\000a\000t\000o\000r\000s}{section.8}% 33
\BOOKMARK [2][-]{subsection.8.3}{\376\377\000K\000l\000e\000i\000n\040\023\000G\000o\000r\000d\000o\000n\000\040\000e\000q\000u\000a\000t\000i\000o\000n}{section.8}% 34
\BOOKMARK [2][-]{subsection.8.4}{\376\377\000D\000i\000r\000a\000c\000\040\000e\000q\000u\000a\000t\000i\000o\000n}{section.8}% 35
\BOOKMARK [2][-]{subsection.8.5}{\376\377\000W\000o\000r\000k\000e\000d\000\040\000s\000o\000l\000u\000t\000i\000o\000n\000s}{section.8}% 36
\BOOKMARK [1][-]{section.9}{\376\377\000R\000o\000t\000a\000t\000i\000o\000n\000s\000\040\000a\000n\000d\000\040\000L\000o\000r\000e\000n\000t\000z\000\040\000b\000o\000o\000s\000t\000s}{}% 37
\BOOKMARK [2][-]{subsection.9.1}{\376\377\000C\000o\000v\000a\000r\000i\000a\000n\000c\000e\000\040\000o\000f\000\040\000t\000h\000e\000\040\000p\000h\000y\000s\000i\000c\000a\000l\000\040\000e\000q\000u\000a\000t\000i\000o\000n\000s}{section.9}% 38
\BOOKMARK [2][-]{subsection.9.2}{\376\377\000R\000o\000t\000a\000t\000i\000o\000n\000s\000\040\000a\000n\000d\000\040\000m\000e\000a\000s\000u\000r\000e\000m\000e\000n\000t\000\040\000p\000r\000o\000b\000a\000b\000i\000l\000i\000t\000i\000e\000s}{section.9}% 39
\BOOKMARK [2][-]{subsection.9.3}{\376\377\000M\000o\000v\000i\000n\000g\000\040\000f\000r\000a\000m\000e\000s\000,\000\040\000c\000l\000o\000c\000k\000\040\000r\000a\000t\000e\000s\000,\000\040\000a\000n\000d\000\040\000l\000e\000n\000g\000t\000h\000s}{section.9}% 40
\BOOKMARK [2][-]{subsection.9.4}{\376\377\000B\000o\000o\000s\000t\000e\000d\000\040\000f\000i\000e\000l\000d\000s\000\040\000a\000n\000d\000\040\000e\000n\000e\000r\000g\000y\000\040\000f\000l\000u\000x}{section.9}% 41
\BOOKMARK [2][-]{subsection.9.5}{\376\377\000V\000a\000r\000y\000i\000n\000g\000\040\000f\000r\000a\000m\000e\000s\000\040\000a\000n\000d\000\040\000l\000o\000c\000a\000l\000\040\000b\000a\000s\000e\000s}{section.9}% 42
\BOOKMARK [1][-]{section.10}{\376\377\000F\000l\000a\000t\000\040\000s\000p\000a\000c\000e\000t\000i\000m\000e\000\040\000i\000n\000\040\000g\000e\000n\000e\000r\000a\000l\000i\000z\000e\000d\000\040\000c\000o\000o\000r\000d\000i\000n\000a\000t\000e\000s}{}% 43
\BOOKMARK [1][-]{section.11}{\376\377\000M\000a\000g\000n\000e\000t\000i\000c\000\040\000d\000u\000a\000l\000i\000t\000y\000\040\000a\000n\000d\000\040\000c\000o\000n\000s\000t\000a\000n\000t\000-\000f\000i\000e\000l\000d\000\040\000m\000o\000t\000i\000o\000n}{}% 44
\BOOKMARK [2][-]{subsection.11.1}{\376\377\000T\000h\000e\000\040\000i\000m\000a\000g\000i\000n\000a\000r\000y\000\040\000f\000o\000r\000c\000e\000\040\000a\000n\000d\000\040\000m\000a\000g\000n\000e\000t\000i\000c\000\040\000c\000h\000a\000r\000g\000e}{section.11}% 45
\BOOKMARK [2][-]{subsection.11.2}{\376\377\000E\000x\000a\000c\000t\000\040\000m\000o\000t\000i\000o\000n\000\040\000i\000n\000\040\000a\000\040\000c\000o\000n\000s\000t\000a\000n\000t\000\040\000f\000i\000e\000l\000d}{section.11}% 46
\BOOKMARK [1][-]{section.12}{\376\377\000E\000x\000t\000r\000a\000p\000o\000l\000a\000t\000i\000o\000n\000\040\000a\000n\000d\000\040\000s\000p\000e\000c\000u\000l\000a\000t\000i\000o\000n}{}% 47
\BOOKMARK [2][-]{subsection.12.1}{\376\377\000T\000e\000s\000t\000i\000n\000g\000\040\000a\000\040\000c\000o\000m\000p\000l\000e\000x\000\040\000m\000o\000m\000e\000n\000t\000u\000m\000\040\000e\000q\000u\000a\000t\000i\000o\000n}{section.12}% 48
\BOOKMARK [2][-]{subsection.12.2}{\376\377\000T\000e\000s\000t\000i\000n\000g\000\040\000c\000o\000m\000p\000l\000e\000x\000\040\000s\000p\000a\000c\000e\000t\000i\000m\000e\000\040\000a\000n\000d\000\040\000i\000t\000s\000\040\000n\000u\000l\000l\000\040\000s\000e\000t}{section.12}% 49
\BOOKMARK [2][-]{subsection.12.3}{\376\377\000S\000e\000p\000a\000r\000a\000t\000e\000\040\000m\000a\000s\000s\000e\000s\000\040\000a\000n\000d\000\040\000s\000m\000a\000l\000l\000\040\000c\000o\000u\000p\000l\000i\000n\000g\000s}{section.12}% 50
\BOOKMARK [2][-]{subsection.12.4}{\376\377\000W\000h\000a\000t\000\040\000w\000o\000u\000l\000d\000\040\000b\000e\000\040\000n\000e\000e\000d\000e\000d\000\040\000f\000o\000r\000\040\000a\000\040\000d\000a\000r\000k\000\040\000s\000e\000c\000t\000o\000r\000?}{section.12}% 51
\BOOKMARK [1][-]{appendix.A}{\376\377\000P\000a\000u\000l\000i\000-\000m\000a\000t\000r\000i\000x\000\040\000r\000e\000p\000r\000e\000s\000e\000n\000t\000a\000t\000i\000o\000n}{}% 52
\BOOKMARK [2][-]{subsection.A.1}{\376\377\000F\000a\000i\000t\000h\000f\000u\000l\000\040\000r\000e\000p\000r\000e\000s\000e\000n\000t\000a\000t\000i\000o\000n}{appendix.A}% 53
\BOOKMARK [2][-]{subsection.A.2}{\376\377\000C\000o\000n\000j\000u\000g\000a\000t\000i\000o\000n\000s\000\040\000a\000n\000d\000\040\000p\000r\000o\000d\000u\000c\000t\000\040\000o\000r\000d\000e\000r}{appendix.A}% 54
\BOOKMARK [2][-]{subsection.A.3}{\376\377\000S\000c\000a\000l\000a\000r\000\040\000p\000a\000r\000t\000,\000\040\000d\000e\000t\000e\000r\000m\000i\000n\000a\000n\000t\000,\000\040\000a\000n\000d\000\040\000n\000o\000r\000m}{appendix.A}% 55
\BOOKMARK [2][-]{subsection.A.4}{\376\377\000M\000a\000t\000r\000i\000x\000\040\000a\000m\000p\000l\000i\000t\000u\000d\000e\000s\000\040\000a\000n\000d\000\040\000c\000o\000l\000u\000m\000n\000\040\000s\000p\000i\000n\000o\000r\000s}{appendix.A}% 56
\BOOKMARK [2][-]{subsection.A.5}{\376\377\000D\000i\000r\000a\000c\000\040\000c\000o\000l\000u\000m\000n\000s\000\040\000a\000n\000d\000\040\000c\000u\000r\000r\000e\000n\000t\000s}{appendix.A}% 57
\BOOKMARK [2][-]{subsection.A.6}{\376\377\000F\000o\000u\000r\000\040\000c\000o\000m\000p\000o\000n\000e\000n\000t\000s\000\040\000a\000n\000d\000\040\000t\000h\000e\000\040\000s\000t\000a\000n\000d\000a\000r\000d\000\040\000D\000i\000r\000a\000c\000\040\000b\000a\000s\000i\000s}{appendix.A}% 58
\BOOKMARK [2][-]{subsection.A.7}{\376\377\000Q\000u\000a\000t\000e\000r\000n\000i\000o\000n\000\040\000s\000u\000b\000a\000l\000g\000e\000b\000r\000a}{appendix.A}% 59
\BOOKMARK [1][-]{appendix.B}{\376\377\000N\000o\000t\000a\000t\000i\000o\000n\000\040\000a\000n\000d\000\040\000c\000o\000n\000v\000e\000n\000t\000i\000o\000n\000s}{}% 60
\BOOKMARK [2][-]{subsection.B.1}{\376\377\000R\000e\000a\000d\000i\000n\000g\000\040\000c\000o\000n\000v\000e\000n\000t\000i\000o\000n\000s}{appendix.B}% 61
\BOOKMARK [2][-]{subsection.B.2}{\376\377\000C\000h\000a\000n\000g\000e\000s\000\040\000f\000r\000o\000m\000\040\000t\000h\000e\000\040\000o\000r\000i\000g\000i\000n\000a\000l\000\040\000n\000o\000t\000e\000s}{appendix.B}% 62
\BOOKMARK [1][-]{section*.10}{\376\377\000R\000e\000f\000e\000r\000e\000n\000c\000e\000s}{}% 63
\BOOKMARK [1][-]{appendix.C}{\376\377\000E\000q\000u\000a\000t\000i\000o\000n\000\040\000r\000e\000f\000e\000r\000e\000n\000c\000e}{}% 64
